Archive member included to satisfy reference by file (symbol)

c:/st/stm32cubeide_1.12.1/stm32cubeide/plugins/com.st.stm32cube.ide.mcu.externaltools.gnu-tools-for-stm32.10.3-2021.10.win32_1.0.200.202301161003/tools/bin/../lib/gcc/arm-none-eabi/10.3.1/../../../../arm-none-eabi/lib/thumb/v7e-m+fp/hard\libc_nano.a(lib_a-errno.o)
                              ./Core/Src/syscalls.o (__errno)
c:/st/stm32cubeide_1.12.1/stm32cubeide/plugins/com.st.stm32cube.ide.mcu.externaltools.gnu-tools-for-stm32.10.3-2021.10.win32_1.0.200.202301161003/tools/bin/../lib/gcc/arm-none-eabi/10.3.1/../../../../arm-none-eabi/lib/thumb/v7e-m+fp/hard\libc_nano.a(lib_a-exit.o)
                              c:/st/stm32cubeide_1.12.1/stm32cubeide/plugins/com.st.stm32cube.ide.mcu.externaltools.gnu-tools-for-stm32.10.3-2021.10.win32_1.0.200.202301161003/tools/bin/../lib/gcc/arm-none-eabi/10.3.1/../../../../arm-none-eabi/lib/thumb/v7e-m+fp/hard/crt0.o (exit)
c:/st/stm32cubeide_1.12.1/stm32cubeide/plugins/com.st.stm32cube.ide.mcu.externaltools.gnu-tools-for-stm32.10.3-2021.10.win32_1.0.200.202301161003/tools/bin/../lib/gcc/arm-none-eabi/10.3.1/../../../../arm-none-eabi/lib/thumb/v7e-m+fp/hard\libc_nano.a(lib_a-impure.o)
                              c:/st/stm32cubeide_1.12.1/stm32cubeide/plugins/com.st.stm32cube.ide.mcu.externaltools.gnu-tools-for-stm32.10.3-2021.10.win32_1.0.200.202301161003/tools/bin/../lib/gcc/arm-none-eabi/10.3.1/../../../../arm-none-eabi/lib/thumb/v7e-m+fp/hard\libc_nano.a(lib_a-exit.o) (_global_impure_ptr)
c:/st/stm32cubeide_1.12.1/stm32cubeide/plugins/com.st.stm32cube.ide.mcu.externaltools.gnu-tools-for-stm32.10.3-2021.10.win32_1.0.200.202301161003/tools/bin/../lib/gcc/arm-none-eabi/10.3.1/../../../../arm-none-eabi/lib/thumb/v7e-m+fp/hard\libc_nano.a(lib_a-init.o)
                              c:/st/stm32cubeide_1.12.1/stm32cubeide/plugins/com.st.stm32cube.ide.mcu.externaltools.gnu-tools-for-stm32.10.3-2021.10.win32_1.0.200.202301161003/tools/bin/../lib/gcc/arm-none-eabi/10.3.1/../../../../arm-none-eabi/lib/thumb/v7e-m+fp/hard/crt0.o (__libc_init_array)
c:/st/stm32cubeide_1.12.1/stm32cubeide/plugins/com.st.stm32cube.ide.mcu.externaltools.gnu-tools-for-stm32.10.3-2021.10.win32_1.0.200.202301161003/tools/bin/../lib/gcc/arm-none-eabi/10.3.1/../../../../arm-none-eabi/lib/thumb/v7e-m+fp/hard\libc_nano.a(lib_a-memset.o)
                              c:/st/stm32cubeide_1.12.1/stm32cubeide/plugins/com.st.stm32cube.ide.mcu.externaltools.gnu-tools-for-stm32.10.3-2021.10.win32_1.0.200.202301161003/tools/bin/../lib/gcc/arm-none-eabi/10.3.1/../../../../arm-none-eabi/lib/thumb/v7e-m+fp/hard/crt0.o (memset)
c:/st/stm32cubeide_1.12.1/stm32cubeide/plugins/com.st.stm32cube.ide.mcu.externaltools.gnu-tools-for-stm32.10.3-2021.10.win32_1.0.200.202301161003/tools/bin/../lib/gcc/arm-none-eabi/10.3.1/thumb/v7e-m+fp/hard\libgcc.a(_aeabi_uldivmod.o)
                              ./Drivers/STM32F4xx_HAL_Driver/Src/stm32f4xx_hal_rcc.o (__aeabi_uldivmod)
c:/st/stm32cubeide_1.12.1/stm32cubeide/plugins/com.st.stm32cube.ide.mcu.externaltools.gnu-tools-for-stm32.10.3-2021.10.win32_1.0.200.202301161003/tools/bin/../lib/gcc/arm-none-eabi/10.3.1/thumb/v7e-m+fp/hard\libgcc.a(_udivmoddi4.o)
                              c:/st/stm32cubeide_1.12.1/stm32cubeide/plugins/com.st.stm32cube.ide.mcu.externaltools.gnu-tools-for-stm32.10.3-2021.10.win32_1.0.200.202301161003/tools/bin/../lib/gcc/arm-none-eabi/10.3.1/thumb/v7e-m+fp/hard\libgcc.a(_aeabi_uldivmod.o) (__udivmoddi4)
c:/st/stm32cubeide_1.12.1/stm32cubeide/plugins/com.st.stm32cube.ide.mcu.externaltools.gnu-tools-for-stm32.10.3-2021.10.win32_1.0.200.202301161003/tools/bin/../lib/gcc/arm-none-eabi/10.3.1/thumb/v7e-m+fp/hard\libgcc.a(_dvmd_tls.o)
                              c:/st/stm32cubeide_1.12.1/stm32cubeide/plugins/com.st.stm32cube.ide.mcu.externaltools.gnu-tools-for-stm32.10.3-2021.10.win32_1.0.200.202301161003/tools/bin/../lib/gcc/arm-none-eabi/10.3.1/thumb/v7e-m+fp/hard\libgcc.a(_aeabi_uldivmod.o) (__aeabi_ldiv0)

Discarded input sections

 .text          0x0000000000000000        0x0 c:/st/stm32cubeide_1.12.1/stm32cubeide/plugins/com.st.stm32cube.ide.mcu.externaltools.gnu-tools-for-stm32.10.3-2021.10.win32_1.0.200.202301161003/tools/bin/../lib/gcc/arm-none-eabi/10.3.1/thumb/v7e-m+fp/hard/crti.o
 .data          0x0000000000000000        0x0 c:/st/stm32cubeide_1.12.1/stm32cubeide/plugins/com.st.stm32cube.ide.mcu.externaltools.gnu-tools-for-stm32.10.3-2021.10.win32_1.0.200.202301161003/tools/bin/../lib/gcc/arm-none-eabi/10.3.1/thumb/v7e-m+fp/hard/crti.o
 .bss           0x0000000000000000        0x0 c:/st/stm32cubeide_1.12.1/stm32cubeide/plugins/com.st.stm32cube.ide.mcu.externaltools.gnu-tools-for-stm32.10.3-2021.10.win32_1.0.200.202301161003/tools/bin/../lib/gcc/arm-none-eabi/10.3.1/thumb/v7e-m+fp/hard/crti.o
[...]
Memory Configuration

Name             Origin             Length             Attributes
RAM              0x0000000020000000 0x0000000000050000 xrw
FLASH            0x0000000008000000 0x0000000000180000 xr
*default*        0x0000000000000000 0xffffffffffffffff

Linker script and memory map

LOAD c:/st/stm32cubeide_1.12.1/stm32cubeide/plugins/com.st.stm32cube.ide.mcu.externaltools.gnu-tools-for-stm32.10.3-2021.10.win32_1.0.200.202301161003/tools/bin/../lib/gcc/arm-none-eabi/10.3.1/thumb/v7e-m+fp/hard/crti.o
LOAD c:/st/stm32cubeide_1.12.1/stm32cubeide/plugins/com.st.stm32cube.ide.mcu.externaltools.gnu-tools-for-stm32.10.3-2021.10.win32_1.0.200.202301161003/tools/bin/../lib/gcc/arm-none-eabi/10.3.1/thumb/v7e-m+fp/hard/crtbegin.o
LOAD c:/st/stm32cubeide_1.12.1/stm32cubeide/plugins/com.st.stm32cube.ide.mcu.externaltools.gnu-tools-for-stm32.10.3-2021.10.win32_1.0.200.202301161003/tools/bin/../lib/gcc/arm-none-eabi/10.3.1/../../../../arm-none-eabi/lib/thumb/v7e-m+fp/hard/crt0.o
LOAD ./Core/Src/asm_func.o
LOAD ./Core/Src/asm_max.o
LOAD ./Core/Src/asm_pack32to16.o
LOAD ./Core/Src/asm_potencia.o
LOAD ./Core/Src/asm_producto_escalar12.o
LOAD ./Core/Src/asm_promedio.o
LOAD ./Core/Src/main.o
LOAD ./Core/Src/stm32f4xx_hal_msp.o
LOAD ./Core/Src/stm32f4xx_it.o
LOAD ./Core/Src/syscalls.o
LOAD ./Core/Src/sysmem.o
LOAD ./Core/Src/system_stm32f4xx.o
LOAD ./Core/Startup/startup_stm32f413zhtx.o
LOAD ./Drivers/STM32F4xx_HAL_Driver/Src/stm32f4xx_hal.o
LOAD ./Drivers/STM32F4xx_HAL_Driver/Src/stm32f4xx_hal_cortex.o
LOAD ./Drivers/STM32F4xx_HAL_Driver/Src/stm32f4xx_hal_dma.o
LOAD ./Drivers/STM32F4xx_HAL_Driver/Src/stm32f4xx_hal_dma_ex.o
LOAD ./Drivers/STM32F4xx_HAL_Driver/Src/stm32f4xx_hal_exti.o
LOAD ./Drivers/STM32F4xx_HAL_Driver/Src/stm32f4xx_hal_flash.o
LOAD ./Drivers/STM32F4xx_HAL_Driver/Src/stm32f4xx_hal_flash_ex.o
LOAD ./Drivers/STM32F4xx_HAL_Driver/Src/stm32f4xx_hal_flash_ramfunc.o
LOAD ./Drivers/STM32F4xx_HAL_Driver/Src/stm32f4xx_hal_gpio.o
LOAD ./Drivers/STM32F4xx_HAL_Driver/Src/stm32f4xx_hal_pcd.o
LOAD ./Drivers/STM32F4xx_HAL_Driver/Src/stm32f4xx_hal_pcd_ex.o
LOAD ./Drivers/STM32F4xx_HAL_Driver/Src/stm32f4xx_hal_pwr.o
LOAD ./Drivers/STM32F4xx_HAL_Driver/Src/stm32f4xx_hal_pwr_ex.o
LOAD ./Drivers/STM32F4xx_HAL_Driver/Src/stm32f4xx_hal_rcc.o
LOAD ./Drivers/STM32F4xx_HAL_Driver/Src/stm32f4xx_hal_rcc_ex.o
LOAD ./Drivers/STM32F4xx_HAL_Driver/Src/stm32f4xx_hal_tim.o
LOAD ./Drivers/STM32F4xx_HAL_Driver/Src/stm32f4xx_hal_tim_ex.o
LOAD ./Drivers/STM32F4xx_HAL_Driver/Src/stm32f4xx_hal_uart.o
LOAD ./Drivers/STM32F4xx_HAL_Driver/Src/stm32f4xx_ll_usb.o
START GROUP
LOAD c:/st/stm32cubeide_1.12.1/stm32cubeide/plugins/com.st.stm32cube.ide.mcu.externaltools.gnu-tools-for-stm32.10.3-2021.10.win32_1.0.200.202301161003/tools/bin/../lib/gcc/arm-none-eabi/10.3.1/../../../../arm-none-eabi/lib/thumb/v7e-m+fp/hard\libc_nano.a
LOAD c:/st/stm32cubeide_1.12.1/stm32cubeide/plugins/com.st.stm32cube.ide.mcu.externaltools.gnu-tools-for-stm32.10.3-2021.10.win32_1.0.200.202301161003/tools/bin/../lib/gcc/arm-none-eabi/10.3.1/../../../../arm-none-eabi/lib/thumb/v7e-m+fp/hard\libm.a
END GROUP
START GROUP
LOAD c:/st/stm32cubeide_1.12.1/stm32cubeide/plugins/com.st.stm32cube.ide.mcu.externaltools.gnu-tools-for-stm32.10.3-2021.10.win32_1.0.200.202301161003/tools/bin/../lib/gcc/arm-none-eabi/10.3.1/thumb/v7e-m+fp/hard\libgcc.a
LOAD c:/st/stm32cubeide_1.12.1/stm32cubeide/plugins/com.st.stm32cube.ide.mcu.externaltools.gnu-tools-for-stm32.10.3-2021.10.win32_1.0.200.202301161003/tools/bin/../lib/gcc/arm-none-eabi/10.3.1/../../../../arm-none-eabi/lib/thumb/v7e-m+fp/hard\libc_nano.a
END GROUP
START GROUP
LOAD c:/st/stm32cubeide_1.12.1/stm32cubeide/plugins/com.st.stm32cube.ide.mcu.externaltools.gnu-tools-for-stm32.10.3-2021.10.win32_1.0.200.202301161003/tools/bin/../lib/gcc/arm-none-eabi/10.3.1/thumb/v7e-m+fp/hard\libgcc.a
LOAD c:/st/stm32cubeide_1.12.1/stm32cubeide/plugins/com.st.stm32cube.ide.mcu.externaltools.gnu-tools-for-stm32.10.3-2021.10.win32_1.0.200.202301161003/tools/bin/../lib/gcc/arm-none-eabi/10.3.1/../../../../arm-none-eabi/lib/thumb/v7e-m+fp/hard\libc_nano.a
LOAD c:/st/stm32cubeide_1.12.1/stm32cubeide/plugins/com.st.stm32cube.ide.mcu.externaltools.gnu-tools-for-stm32.10.3-2021.10.win32_1.0.200.202301161003/tools/bin/../lib/gcc/arm-none-eabi/10.3.1/../../../../arm-none-eabi/lib/thumb/v7e-m+fp/hard\libnosys.a
END GROUP
START GROUP
LOAD c:/st/stm32cubeide_1.12.1/stm32cubeide/plugins/com.st.stm32cube.ide.mcu.externaltools.gnu-tools-for-stm32.10.3-2021.10.win32_1.0.200.202301161003/tools/bin/../lib/gcc/arm-none-eabi/10.3.1/thumb/v7e-m+fp/hard\libgcc.a
LOAD c:/st/stm32cubeide_1.12.1/stm32cubeide/plugins/com.st.stm32cube.ide.mcu.externaltools.gnu-tools-for-stm32.10.3-2021.10.win32_1.0.200.202301161003/tools/bin/../lib/gcc/arm-none-eabi/10.3.1/../../../../arm-none-eabi/lib/thumb/v7e-m+fp/hard\libc_nano.a
LOAD c:/st/stm32cubeide_1.12.1/stm32cubeide/plugins/com.st.stm32cube.ide.mcu.externaltools.gnu-tools-for-stm32.10.3-2021.10.win32_1.0.200.202301161003/tools/bin/../lib/gcc/arm-none-eabi/10.3.1/../../../../arm-none-eabi/lib/thumb/v7e-m+fp/hard\libnosys.a
END GROUP
LOAD c:/st/stm32cubeide_1.12.1/stm32cubeide/plugins/com.st.stm32cube.ide.mcu.externaltools.gnu-tools-for-stm32.10.3-2021.10.win32_1.0.200.202301161003/tools/bin/../lib/gcc/arm-none-eabi/10.3.1/thumb/v7e-m+fp/hard/crtend.o
LOAD c:/st/stm32cubeide_1.12.1/stm32cubeide/plugins/com.st.stm32cube.ide.mcu.externaltools.gnu-tools-for-stm32.10.3-2021.10.win32_1.0.200.202301161003/tools/bin/../lib/gcc/arm-none-eabi/10.3.1/thumb/v7e-m+fp/hard/crtn.o
                0x0000000020050000                _estack = (ORIGIN (RAM) + LENGTH (RAM))
                0x0000000000000200                _Min_Heap_Size = 0x200
                0x0000000000000400                _Min_Stack_Size = 0x400

.isr_vector     0x0000000008000000      0x1d8
                0x0000000008000000                . = ALIGN (0x4)
 *(.isr_vector)
 .isr_vector    0x0000000008000000      0x1d8 ./Core/Startup/startup_stm32f413zhtx.o
                0x0000000008000000                g_pfnVectors
                0x00000000080001d8                . = ALIGN (0x4)

.text           0x00000000080001d8     0x2d18
                0x00000000080001d8                . = ALIGN (0x4)
 *(.text)
 .text          0x00000000080001d8       0x40 c:/st/stm32cubeide_1.12.1/stm32cubeide/plugins/com.st.stm32cube.ide.mcu.externaltools.gnu-tools-for-stm32.10.3-2021.10.win32_1.0.200.202301161003/tools/bin/../lib/gcc/arm-none-eabi/10.3.1/thumb/v7e-m+fp/hard/crtbegin.o
 .text          0x0000000008000218       0x40 ./Core/Src/asm_potencia.o
                0x0000000008000218                asm_potencia
                0x0000000008000238                asm_potencia_DSP
 .text          0x0000000008000258       0x30 c:/st/stm32cubeide_1.12.1/stm32cubeide/plugins/com.st.stm32cube.ide.mcu.externaltools.gnu-tools-for-stm32.10.3-2021.10.win32_1.0.200.202301161003/tools/bin/../lib/gcc/arm-none-eabi/10.3.1/thumb/v7e-m+fp/hard\libgcc.a(_aeabi_uldivmod.o)
                0x0000000008000258                __aeabi_uldivmod
 .text          0x0000000008000288      0x2d0 c:/st/stm32cubeide_1.12.1/stm32cubeide/plugins/com.st.stm32cube.ide.mcu.externaltools.gnu-tools-for-stm32.10.3-2021.10.win32_1.0.200.202301161003/tools/bin/../lib/gcc/arm-none-eabi/10.3.1/thumb/v7e-m+fp/hard\libgcc.a(_udivmoddi4.o)
                0x0000000008000288                __udivmoddi4
 .text          0x0000000008000558        0x4 c:/st/stm32cubeide_1.12.1/stm32cubeide/plugins/com.st.stm32cube.ide.mcu.externaltools.gnu-tools-for-stm32.10.3-2021.10.win32_1.0.200.202301161003/tools/bin/../lib/gcc/arm-none-eabi/10.3.1/thumb/v7e-m+fp/hard\libgcc.a(_dvmd_tls.o)
                0x0000000008000558                __aeabi_idiv0
                0x0000000008000558                __aeabi_ldiv0
 *(.text*)
 .text.main     0x000000000800055c       0x58 ./Core/Src/main.o
                0x000000000800055c                main
 .text.SystemClock_Config
                0x00000000080005b4       0xd8 ./Core/Src/main.o
                0x00000000080005b4                SystemClock_Config
 .text.MX_USART3_UART_Init
                0x000000000800068c       0x54 ./Core/Src/main.o
 .text.MX_USB_OTG_FS_PCD_Init
                0x00000000080006e0       0x60 ./Core/Src/main.o
 .text.MX_GPIO_Init
                0x0000000008000740      0x15c ./Core/Src/main.o
 .text.potencia
                0x000000000800089c       0x62 ./Core/Src/main.o
 .text.Error_Handler
                0x00000000080008fe        0xa ./Core/Src/main.o
                0x00000000080008fe                Error_Handler
 .text.HAL_MspInit
                0x0000000008000908       0x50 ./Core/Src/stm32f4xx_hal_msp.o
                0x0000000008000908                HAL_MspInit
 .text.HAL_UART_MspInit
                0x0000000008000958       0x90 ./Core/Src/stm32f4xx_hal_msp.o
                0x0000000008000958                HAL_UART_MspInit
 .text.HAL_PCD_MspInit
                0x00000000080009e8       0xdc ./Core/Src/stm32f4xx_hal_msp.o
                0x00000000080009e8                HAL_PCD_MspInit
 .text.NMI_Handler
                0x0000000008000ac4        0x6 ./Core/Src/stm32f4xx_it.o
                0x0000000008000ac4                NMI_Handler
 .text.HardFault_Handler
                0x0000000008000aca        0x6 ./Core/Src/stm32f4xx_it.o
                0x0000000008000aca                HardFault_Handler
 .text.MemManage_Handler
                0x0000000008000ad0        0x6 ./Core/Src/stm32f4xx_it.o
                0x0000000008000ad0                MemManage_Handler
 .text.BusFault_Handler
                0x0000000008000ad6        0x6 ./Core/Src/stm32f4xx_it.o
                0x0000000008000ad6                BusFault_Handler
 .text.UsageFault_Handler
                0x0000000008000adc        0x6 ./Core/Src/stm32f4xx_it.o
                0x0000000008000adc                UsageFault_Handler
 .text.SVC_Handler
                0x0000000008000ae2       0x1e ./Core/Src/stm32f4xx_it.o
                0x0000000008000ae2                SVC_Handler
 .text.DebugMon_Handler
                0x0000000008000b00        0xe ./Core/Src/stm32f4xx_it.o
                0x0000000008000b00                DebugMon_Handler
 .text.PendSV_Handler
                0x0000000008000b0e        0xe ./Core/Src/stm32f4xx_it.o
                0x0000000008000b0e                PendSV_Handler
 .text.SysTick_Handler
                0x0000000008000b1c        0xc ./Core/Src/stm32f4xx_it.o
                0x0000000008000b1c                SysTick_Handler
 .text.SystemInit
                0x0000000008000b28       0x24 ./Core/Src/system_stm32f4xx.o
                0x0000000008000b28                SystemInit
 .text.Reset_Handler
                0x0000000008000b4c       0x50 ./Core/Startup/startup_stm32f413zhtx.o
                0x0000000008000b4c                Reset_Handler
 .text.Default_Handler
                0x0000000008000b9c        0x2 ./Core/Startup/startup_stm32f413zhtx.o
                0x0000000008000b9c                RTC_Alarm_IRQHandler
                0x0000000008000b9c                EXTI2_IRQHandler
                0x0000000008000b9c                TIM8_CC_IRQHandler
                0x0000000008000b9c                UART8_IRQHandler
                0x0000000008000b9c                FMPI2C1_EV_IRQHandler
                0x0000000008000b9c                SPI4_IRQHandler
                0x0000000008000b9c                TIM1_CC_IRQHandler
                0x0000000008000b9c                DMA2_Stream5_IRQHandler
                0x0000000008000b9c                DMA1_Stream5_IRQHandler
                0x0000000008000b9c                CAN3_RX1_IRQHandler
                0x0000000008000b9c                PVD_IRQHandler
                0x0000000008000b9c                SDIO_IRQHandler
                0x0000000008000b9c                TAMP_STAMP_IRQHandler
                0x0000000008000b9c                CAN2_RX1_IRQHandler
                0x0000000008000b9c                EXTI3_IRQHandler
                0x0000000008000b9c                TIM8_TRG_COM_TIM14_IRQHandler
                0x0000000008000b9c                DFSDM1_FLT1_IRQHandler
                0x0000000008000b9c                TIM1_UP_TIM10_IRQHandler
                0x0000000008000b9c                TIM8_UP_TIM13_IRQHandler
                0x0000000008000b9c                I2C3_ER_IRQHandler
                0x0000000008000b9c                EXTI0_IRQHandler
                0x0000000008000b9c                I2C2_EV_IRQHandler
                0x0000000008000b9c                DMA1_Stream2_IRQHandler
                0x0000000008000b9c                CAN1_RX0_IRQHandler
                0x0000000008000b9c                FPU_IRQHandler
                0x0000000008000b9c                CAN3_SCE_IRQHandler
                0x0000000008000b9c                CAN2_SCE_IRQHandler
                0x0000000008000b9c                DMA2_Stream2_IRQHandler
                0x0000000008000b9c                SPI1_IRQHandler
                0x0000000008000b9c                TIM6_DAC_IRQHandler
                0x0000000008000b9c                TIM1_BRK_TIM9_IRQHandler
                0x0000000008000b9c                CAN2_RX0_IRQHandler
                0x0000000008000b9c                DMA2_Stream3_IRQHandler
                0x0000000008000b9c                USART6_IRQHandler
                0x0000000008000b9c                CAN3_RX0_IRQHandler
                0x0000000008000b9c                USART3_IRQHandler
                0x0000000008000b9c                DFSDM2_FLT3_IRQHandler
                0x0000000008000b9c                CAN1_RX1_IRQHandler
                0x0000000008000b9c                UART5_IRQHandler
                0x0000000008000b9c                DMA2_Stream0_IRQHandler
                0x0000000008000b9c                TIM4_IRQHandler
                0x0000000008000b9c                QUADSPI_IRQHandler
                0x0000000008000b9c                I2C1_EV_IRQHandler
                0x0000000008000b9c                DMA1_Stream6_IRQHandler
                0x0000000008000b9c                DMA1_Stream1_IRQHandler
                0x0000000008000b9c                UART4_IRQHandler
                0x0000000008000b9c                TIM3_IRQHandler
                0x0000000008000b9c                RCC_IRQHandler
                0x0000000008000b9c                UART9_IRQHandler
                0x0000000008000b9c                TIM8_BRK_TIM12_IRQHandler
                0x0000000008000b9c                Default_Handler
                0x0000000008000b9c                EXTI15_10_IRQHandler
                0x0000000008000b9c                ADC_IRQHandler
                0x0000000008000b9c                DMA1_Stream7_IRQHandler
                0x0000000008000b9c                DFSDM2_FLT0_IRQHandler
                0x0000000008000b9c                SPI5_IRQHandler
                0x0000000008000b9c                TIM7_IRQHandler
                0x0000000008000b9c                CAN2_TX_IRQHandler
                0x0000000008000b9c                TIM5_IRQHandler
                0x0000000008000b9c                DMA2_Stream7_IRQHandler
                0x0000000008000b9c                I2C3_EV_IRQHandler
                0x0000000008000b9c                DFSDM2_FLT2_IRQHandler
                0x0000000008000b9c                EXTI9_5_IRQHandler
                0x0000000008000b9c                RTC_WKUP_IRQHandler
                0x0000000008000b9c                SPI2_IRQHandler
                0x0000000008000b9c                DMA1_Stream0_IRQHandler
                0x0000000008000b9c                CAN1_TX_IRQHandler
                0x0000000008000b9c                FMPI2C1_ER_IRQHandler
                0x0000000008000b9c                EXTI4_IRQHandler
                0x0000000008000b9c                DFSDM2_FLT1_IRQHandler
                0x0000000008000b9c                RNG_IRQHandler
                0x0000000008000b9c                FSMC_IRQHandler
                0x0000000008000b9c                WWDG_IRQHandler
                0x0000000008000b9c                CAN3_TX_IRQHandler
                0x0000000008000b9c                TIM2_IRQHandler
                0x0000000008000b9c                OTG_FS_WKUP_IRQHandler
                0x0000000008000b9c                TIM1_TRG_COM_TIM11_IRQHandler
                0x0000000008000b9c                EXTI1_IRQHandler
                0x0000000008000b9c                UART7_IRQHandler
                0x0000000008000b9c                USART2_IRQHandler
                0x0000000008000b9c                DFSDM1_FLT0_IRQHandler
                0x0000000008000b9c                I2C2_ER_IRQHandler
                0x0000000008000b9c                DMA2_Stream1_IRQHandler
                0x0000000008000b9c                CAN1_SCE_IRQHandler
                0x0000000008000b9c                FLASH_IRQHandler
                0x0000000008000b9c                DMA2_Stream4_IRQHandler
                0x0000000008000b9c                USART1_IRQHandler
                0x0000000008000b9c                OTG_FS_IRQHandler
                0x0000000008000b9c                SPI3_IRQHandler
                0x0000000008000b9c                DMA1_Stream4_IRQHandler
                0x0000000008000b9c                I2C1_ER_IRQHandler
                0x0000000008000b9c                LPTIM1_IRQHandler
                0x0000000008000b9c                DMA2_Stream6_IRQHandler
                0x0000000008000b9c                UART10_IRQHandler
                0x0000000008000b9c                SAI1_IRQHandler
                0x0000000008000b9c                DMA1_Stream3_IRQHandler
 *fill*         0x0000000008000b9e        0x2 
 .text.HAL_Init
                0x0000000008000ba0       0x44 ./Drivers/STM32F4xx_HAL_Driver/Src/stm32f4xx_hal.o
                0x0000000008000ba0                HAL_Init
 .text.HAL_InitTick
                0x0000000008000be4       0x60 ./Drivers/STM32F4xx_HAL_Driver/Src/stm32f4xx_hal.o
                0x0000000008000be4                HAL_InitTick
 .text.HAL_IncTick
                0x0000000008000c44       0x28 ./Drivers/STM32F4xx_HAL_Driver/Src/stm32f4xx_hal.o
                0x0000000008000c44                HAL_IncTick
 .text.HAL_GetTick
                0x0000000008000c6c       0x18 ./Drivers/STM32F4xx_HAL_Driver/Src/stm32f4xx_hal.o
                0x0000000008000c6c                HAL_GetTick
 .text.HAL_Delay
                0x0000000008000c84       0x48 ./Drivers/STM32F4xx_HAL_Driver/Src/stm32f4xx_hal.o
                0x0000000008000c84                HAL_Delay
 .text.__NVIC_SetPriorityGrouping
                0x0000000008000ccc       0x48 ./Drivers/STM32F4xx_HAL_Driver/Src/stm32f4xx_hal_cortex.o
 .text.__NVIC_GetPriorityGrouping
                0x0000000008000d14       0x1c ./Drivers/STM32F4xx_HAL_Driver/Src/stm32f4xx_hal_cortex.o
 .text.__NVIC_SetPriority
                0x0000000008000d30       0x54 ./Drivers/STM32F4xx_HAL_Driver/Src/stm32f4xx_hal_cortex.o
 .text.NVIC_EncodePriority
                0x0000000008000d84       0x66 ./Drivers/STM32F4xx_HAL_Driver/Src/stm32f4xx_hal_cortex.o
 *fill*         0x0000000008000dea        0x2 
 .text.SysTick_Config
                0x0000000008000dec       0x44 ./Drivers/STM32F4xx_HAL_Driver/Src/stm32f4xx_hal_cortex.o
 .text.HAL_NVIC_SetPriorityGrouping
                0x0000000008000e30       0x16 ./Drivers/STM32F4xx_HAL_Driver/Src/stm32f4xx_hal_cortex.o
                0x0000000008000e30                HAL_NVIC_SetPriorityGrouping
 .text.HAL_NVIC_SetPriority
                0x0000000008000e46       0x38 ./Drivers/STM32F4xx_HAL_Driver/Src/stm32f4xx_hal_cortex.o
                0x0000000008000e46                HAL_NVIC_SetPriority
 .text.HAL_SYSTICK_Config
                0x0000000008000e7e       0x18 ./Drivers/STM32F4xx_HAL_Driver/Src/stm32f4xx_hal_cortex.o
                0x0000000008000e7e                HAL_SYSTICK_Config
 *fill*         0x0000000008000e96        0x2 
 .text.HAL_GPIO_Init
                0x0000000008000e98      0x328 ./Drivers/STM32F4xx_HAL_Driver/Src/stm32f4xx_hal_gpio.o
                0x0000000008000e98                HAL_GPIO_Init
 .text.HAL_GPIO_WritePin
                0x00000000080011c0       0x32 ./Drivers/STM32F4xx_HAL_Driver/Src/stm32f4xx_hal_gpio.o
                0x00000000080011c0                HAL_GPIO_WritePin
 .text.HAL_PCD_Init
                0x00000000080011f2      0x248 ./Drivers/STM32F4xx_HAL_Driver/Src/stm32f4xx_hal_pcd.o
                0x00000000080011f2                HAL_PCD_Init
 .text.HAL_PCDEx_ActivateLPM
                0x000000000800143a       0x48 ./Drivers/STM32F4xx_HAL_Driver/Src/stm32f4xx_hal_pcd_ex.o
                0x000000000800143a                HAL_PCDEx_ActivateLPM
 *fill*         0x0000000008001482        0x2 
 .text.HAL_RCC_ClockConfig
                0x0000000008001484      0x1cc ./Drivers/STM32F4xx_HAL_Driver/Src/stm32f4xx_hal_rcc.o
                0x0000000008001484                HAL_RCC_ClockConfig
 .text.HAL_RCC_GetSysClockFreq
                0x0000000008001650      0x20c ./Drivers/STM32F4xx_HAL_Driver/Src/stm32f4xx_hal_rcc.o
                0x0000000008001650                HAL_RCC_GetSysClockFreq
 .text.HAL_RCC_GetHCLKFreq
                0x000000000800185c       0x18 ./Drivers/STM32F4xx_HAL_Driver/Src/stm32f4xx_hal_rcc.o
                0x000000000800185c                HAL_RCC_GetHCLKFreq
 .text.HAL_RCC_GetPCLK1Freq
                0x0000000008001874       0x28 ./Drivers/STM32F4xx_HAL_Driver/Src/stm32f4xx_hal_rcc.o
                0x0000000008001874                HAL_RCC_GetPCLK1Freq
 .text.HAL_RCC_GetPCLK2Freq
                0x000000000800189c       0x28 ./Drivers/STM32F4xx_HAL_Driver/Src/stm32f4xx_hal_rcc.o
                0x000000000800189c                HAL_RCC_GetPCLK2Freq
 .text.HAL_RCCEx_PeriphCLKConfig
                0x00000000080018c4      0x518 ./Drivers/STM32F4xx_HAL_Driver/Src/stm32f4xx_hal_rcc_ex.o
                0x00000000080018c4                HAL_RCCEx_PeriphCLKConfig
 .text.HAL_RCC_OscConfig
                0x0000000008001ddc      0x508 ./Drivers/STM32F4xx_HAL_Driver/Src/stm32f4xx_hal_rcc_ex.o
                0x0000000008001ddc                HAL_RCC_OscConfig
 .text.HAL_UART_Init
                0x00000000080022e4       0x9a ./Drivers/STM32F4xx_HAL_Driver/Src/stm32f4xx_hal_uart.o
                0x00000000080022e4                HAL_UART_Init
 *fill*         0x000000000800237e        0x2 
 .text.UART_SetConfig
                0x0000000008002380      0x508 ./Drivers/STM32F4xx_HAL_Driver/Src/stm32f4xx_hal_uart.o
 .text.USB_CoreInit
                0x0000000008002888       0xc2 ./Drivers/STM32F4xx_HAL_Driver/Src/stm32f4xx_ll_usb.o
                0x0000000008002888                USB_CoreInit
 .text.USB_DisableGlobalInt
                0x000000000800294a       0x22 ./Drivers/STM32F4xx_HAL_Driver/Src/stm32f4xx_ll_usb.o
                0x000000000800294a                USB_DisableGlobalInt
 .text.USB_SetCurrentMode
                0x000000000800296c       0x98 ./Drivers/STM32F4xx_HAL_Driver/Src/stm32f4xx_ll_usb.o
                0x000000000800296c                USB_SetCurrentMode
 .text.USB_DevInit
                0x0000000008002a04      0x2bc ./Drivers/STM32F4xx_HAL_Driver/Src/stm32f4xx_ll_usb.o
                0x0000000008002a04                USB_DevInit
 .text.USB_FlushTxFifo
                0x0000000008002cc0       0x68 ./Drivers/STM32F4xx_HAL_Driver/Src/stm32f4xx_ll_usb.o
                0x0000000008002cc0                USB_FlushTxFifo
 .text.USB_FlushRxFifo
                0x0000000008002d28       0x60 ./Drivers/STM32F4xx_HAL_Driver/Src/stm32f4xx_ll_usb.o
                0x0000000008002d28                USB_FlushRxFifo
 .text.USB_SetDevSpeed
                0x0000000008002d88       0x32 ./Drivers/STM32F4xx_HAL_Driver/Src/stm32f4xx_ll_usb.o
                0x0000000008002d88                USB_SetDevSpeed
 .text.USB_DevDisconnect
                0x0000000008002dba       0x42 ./Drivers/STM32F4xx_HAL_Driver/Src/stm32f4xx_ll_usb.o
                0x0000000008002dba                USB_DevDisconnect
 .text.USB_GetMode
                0x0000000008002dfc       0x1c ./Drivers/STM32F4xx_HAL_Driver/Src/stm32f4xx_ll_usb.o
                0x0000000008002dfc                USB_GetMode
 .text.USB_CoreReset
                0x0000000008002e18       0x68 ./Drivers/STM32F4xx_HAL_Driver/Src/stm32f4xx_ll_usb.o
 .text.__libc_init_array
                0x0000000008002e80       0x48 c:/st/stm32cubeide_1.12.1/stm32cubeide/plugins/com.st.stm32cube.ide.mcu.externaltools.gnu-tools-for-stm32.10.3-2021.10.win32_1.0.200.202301161003/tools/bin/../lib/gcc/arm-none-eabi/10.3.1/../../../../arm-none-eabi/lib/thumb/v7e-m+fp/hard\libc_nano.a(lib_a-init.o)
                0x0000000008002e80                __libc_init_array
 .text.memset   0x0000000008002ec8       0x10 c:/st/stm32cubeide_1.12.1/stm32cubeide/plugins/com.st.stm32cube.ide.mcu.externaltools.gnu-tools-for-stm32.10.3-2021.10.win32_1.0.200.202301161003/tools/bin/../lib/gcc/arm-none-eabi/10.3.1/../../../../arm-none-eabi/lib/thumb/v7e-m+fp/hard\libc_nano.a(lib_a-memset.o)
                0x0000000008002ec8                memset
 *(.glue_7)
 .glue_7        0x0000000008002ed8        0x0 linker stubs
 *(.glue_7t)
 .glue_7t       0x0000000008002ed8        0x0 linker stubs
 *(.eh_frame)
 .eh_frame      0x0000000008002ed8        0x0 c:/st/stm32cubeide_1.12.1/stm32cubeide/plugins/com.st.stm32cube.ide.mcu.externaltools.gnu-tools-for-stm32.10.3-2021.10.win32_1.0.200.202301161003/tools/bin/../lib/gcc/arm-none-eabi/10.3.1/thumb/v7e-m+fp/hard/crtbegin.o
 *(.init)
 .init          0x0000000008002ed8        0x4 c:/st/stm32cubeide_1.12.1/stm32cubeide/plugins/com.st.stm32cube.ide.mcu.externaltools.gnu-tools-for-stm32.10.3-2021.10.win32_1.0.200.202301161003/tools/bin/../lib/gcc/arm-none-eabi/10.3.1/thumb/v7e-m+fp/hard/crti.o
                0x0000000008002ed8                _init
 .init          0x0000000008002edc        0x8 c:/st/stm32cubeide_1.12.1/stm32cubeide/plugins/com.st.stm32cube.ide.mcu.externaltools.gnu-tools-for-stm32.10.3-2021.10.win32_1.0.200.202301161003/tools/bin/../lib/gcc/arm-none-eabi/10.3.1/thumb/v7e-m+fp/hard/crtn.o
 *(.fini)
 .fini          0x0000000008002ee4        0x4 c:/st/stm32cubeide_1.12.1/stm32cubeide/plugins/com.st.stm32cube.ide.mcu.externaltools.gnu-tools-for-stm32.10.3-2021.10.win32_1.0.200.202301161003/tools/bin/../lib/gcc/arm-none-eabi/10.3.1/thumb/v7e-m+fp/hard/crti.o
                0x0000000008002ee4                _fini
 .fini          0x0000000008002ee8        0x8 c:/st/stm32cubeide_1.12.1/stm32cubeide/plugins/com.st.stm32cube.ide.mcu.externaltools.gnu-tools-for-stm32.10.3-2021.10.win32_1.0.200.202301161003/tools/bin/../lib/gcc/arm-none-eabi/10.3.1/thumb/v7e-m+fp/hard/crtn.o
                0x0000000008002ef0                . = ALIGN (0x4)
                0x0000000008002ef0                _etext = .

.vfp11_veneer   0x0000000008002ef0        0x0
 .vfp11_veneer  0x0000000008002ef0        0x0 linker stubs

.v4_bx          0x0000000008002ef0        0x0
 .v4_bx         0x0000000008002ef0        0x0 linker stubs

.iplt           0x0000000008002ef0        0x0
 .iplt          0x0000000008002ef0        0x0 c:/st/stm32cubeide_1.12.1/stm32cubeide/plugins/com.st.stm32cube.ide.mcu.externaltools.gnu-tools-for-stm32.10.3-2021.10.win32_1.0.200.202301161003/tools/bin/../lib/gcc/arm-none-eabi/10.3.1/thumb/v7e-m+fp/hard/crtbegin.o

.rodata         0x0000000008002ef0       0x2c
                0x0000000008002ef0                . = ALIGN (0x4)
 *(.rodata)
 .rodata        0x0000000008002ef0       0x14 ./Core/Src/main.o
 *(.rodata*)
 .rodata.AHBPrescTable
                0x0000000008002f04       0x10 ./Core/Src/system_stm32f4xx.o
                0x0000000008002f04                AHBPrescTable
 .rodata.APBPrescTable
                0x0000000008002f14        0x8 ./Core/Src/system_stm32f4xx.o
                0x0000000008002f14                APBPrescTable
                0x0000000008002f1c                . = ALIGN (0x4)

.ARM.extab      0x0000000008002f1c        0x0
                0x0000000008002f1c                . = ALIGN (0x4)
 *(.ARM.extab* .gnu.linkonce.armextab.*)
                0x0000000008002f1c                . = ALIGN (0x4)

.ARM            0x0000000008002f1c        0x8
                0x0000000008002f1c                . = ALIGN (0x4)
                0x0000000008002f1c                __exidx_start = .
 *(.ARM.exidx*)
 .ARM.exidx     0x0000000008002f1c        0x8 c:/st/stm32cubeide_1.12.1/stm32cubeide/plugins/com.st.stm32cube.ide.mcu.externaltools.gnu-tools-for-stm32.10.3-2021.10.win32_1.0.200.202301161003/tools/bin/../lib/gcc/arm-none-eabi/10.3.1/thumb/v7e-m+fp/hard\libgcc.a(_udivmoddi4.o)
                0x0000000008002f24                __exidx_end = .
                0x0000000008002f24                . = ALIGN (0x4)

.rel.dyn        0x0000000008002f24        0x0
 .rel.iplt      0x0000000008002f24        0x0 c:/st/stm32cubeide_1.12.1/stm32cubeide/plugins/com.st.stm32cube.ide.mcu.externaltools.gnu-tools-for-stm32.10.3-2021.10.win32_1.0.200.202301161003/tools/bin/../lib/gcc/arm-none-eabi/10.3.1/thumb/v7e-m+fp/hard/crtbegin.o

.preinit_array  0x0000000008002f24        0x0
                0x0000000008002f24                . = ALIGN (0x4)
                0x0000000008002f24                PROVIDE (__preinit_array_start = .)
 *(.preinit_array*)
                0x0000000008002f24                PROVIDE (__preinit_array_end = .)
                0x0000000008002f24                . = ALIGN (0x4)

.init_array     0x0000000008002f24        0x4
                0x0000000008002f24                . = ALIGN (0x4)
                0x0000000008002f24                PROVIDE (__init_array_start = .)
 *(SORT_BY_NAME(.init_array.*))
 *(.init_array*)
 .init_array    0x0000000008002f24        0x4 c:/st/stm32cubeide_1.12.1/stm32cubeide/plugins/com.st.stm32cube.ide.mcu.externaltools.gnu-tools-for-stm32.10.3-2021.10.win32_1.0.200.202301161003/tools/bin/../lib/gcc/arm-none-eabi/10.3.1/thumb/v7e-m+fp/hard/crtbegin.o
                0x0000000008002f28                PROVIDE (__init_array_end = .)
                0x0000000008002f28                . = ALIGN (0x4)

.fini_array     0x0000000008002f28        0x4
                0x0000000008002f28                . = ALIGN (0x4)
                [!provide]                        PROVIDE (__fini_array_start = .)
 *(SORT_BY_NAME(.fini_array.*))
 *(.fini_array*)
 .fini_array    0x0000000008002f28        0x4 c:/st/stm32cubeide_1.12.1/stm32cubeide/plugins/com.st.stm32cube.ide.mcu.externaltools.gnu-tools-for-stm32.10.3-2021.10.win32_1.0.200.202301161003/tools/bin/../lib/gcc/arm-none-eabi/10.3.1/thumb/v7e-m+fp/hard/crtbegin.o
                [!provide]                        PROVIDE (__fini_array_end = .)
                0x0000000008002f2c                . = ALIGN (0x4)
                0x0000000008002f2c                _sidata = LOADADDR (.data)

.data           0x0000000020000000        0xc load address 0x0000000008002f2c
                0x0000000020000000                . = ALIGN (0x4)
                0x0000000020000000                _sdata = .
 *(.data)
 *(.data*)
 .data.SystemCoreClock
                0x0000000020000000        0x4 ./Core/Src/system_stm32f4xx.o
                0x0000000020000000                SystemCoreClock
 .data.uwTickPrio
                0x0000000020000004        0x4 ./Drivers/STM32F4xx_HAL_Driver/Src/stm32f4xx_hal.o
                0x0000000020000004                uwTickPrio
 .data.uwTickFreq
                0x0000000020000008        0x1 ./Drivers/STM32F4xx_HAL_Driver/Src/stm32f4xx_hal.o
                0x0000000020000008                uwTickFreq
 *(.RamFunc)
 *(.RamFunc*)
                0x000000002000000c                . = ALIGN (0x4)
 *fill*         0x0000000020000009        0x3 
                0x000000002000000c                _edata = .

.igot.plt       0x000000002000000c        0x0 load address 0x0000000008002f38
 .igot.plt      0x000000002000000c        0x0 c:/st/stm32cubeide_1.12.1/stm32cubeide/plugins/com.st.stm32cube.ide.mcu.externaltools.gnu-tools-for-stm32.10.3-2021.10.win32_1.0.200.202301161003/tools/bin/../lib/gcc/arm-none-eabi/10.3.1/thumb/v7e-m+fp/hard/crtbegin.o
                0x000000002000000c                . = ALIGN (0x4)

.bss            0x000000002000000c      0x570 load address 0x0000000008002f38
                0x000000002000000c                _sbss = .
                0x000000002000000c                __bss_start__ = _sbss
 *(.bss)
 .bss           0x000000002000000c       0x1c c:/st/stm32cubeide_1.12.1/stm32cubeide/plugins/com.st.stm32cube.ide.mcu.externaltools.gnu-tools-for-stm32.10.3-2021.10.win32_1.0.200.202301161003/tools/bin/../lib/gcc/arm-none-eabi/10.3.1/thumb/v7e-m+fp/hard/crtbegin.o
 *(.bss*)
 .bss.huart3    0x0000000020000028       0x44 ./Core/Src/main.o
                0x0000000020000028                huart3
 .bss.hpcd_USB_OTG_FS
                0x000000002000006c      0x50c ./Core/Src/main.o
                0x000000002000006c                hpcd_USB_OTG_FS
 .bss.uwTick    0x0000000020000578        0x4 ./Drivers/STM32F4xx_HAL_Driver/Src/stm32f4xx_hal.o
                0x0000000020000578                uwTick
 *(COMMON)
                0x000000002000057c                . = ALIGN (0x4)
                0x000000002000057c                _ebss = .
                0x000000002000057c                __bss_end__ = _ebss

._user_heap_stack
                0x000000002000057c      0x604 load address 0x0000000008002f38
                0x0000000020000580                . = ALIGN (0x8)
 *fill*         0x000000002000057c        0x4 
                [!provide]                        PROVIDE (end = .)
                0x0000000020000580                PROVIDE (_end = .)
                0x0000000020000780                . = (. + _Min_Heap_Size)
 *fill*         0x0000000020000580      0x200 
                0x0000000020000b80                . = (. + _Min_Stack_Size)
 *fill*         0x0000000020000780      0x400 
                0x0000000020000b80                . = ALIGN (0x8)

/DISCARD/
 libc.a(*)
 libm.a(*)
 libgcc.a(*)

.ARM.attributes
                0x0000000000000000       0x30
 *(.ARM.attributes)
 .ARM.attributes
                0x0000000000000000       0x1e c:/st/stm32cubeide_1.12.1/stm32cubeide/plugins/com.st.stm32cube.ide.mcu.externaltools.gnu-tools-for-stm32.10.3-2021.10.win32_1.0.200.202301161003/tools/bin/../lib/gcc/arm-none-eabi/10.3.1/thumb/v7e-m+fp/hard/crti.o
 .ARM.attributes
                0x000000000000001e       0x34 c:/st/stm32cubeide_1.12.1/stm32cubeide/plugins/com.st.stm32cube.ide.mcu.externaltools.gnu-tools-for-stm32.10.3-2021.10.win32_1.0.200.202301161003/tools/bin/../lib/gcc/arm-none-eabi/10.3.1/thumb/v7e-m+fp/hard/crtbegin.o
 .ARM.attributes
                0x0000000000000052       0x20 ./Core/Src/asm_potencia.o
 .ARM.attributes
                0x0000000000000072       0x34 ./Core/Src/main.o
 .ARM.attributes
                0x00000000000000a6       0x34 ./Core/Src/stm32f4xx_hal_msp.o
 .ARM.attributes
                0x00000000000000da       0x34 ./Core/Src/stm32f4xx_it.o
 .ARM.attributes
                0x000000000000010e       0x34 ./Core/Src/system_stm32f4xx.o
 .ARM.attributes
                0x0000000000000142       0x21 ./Core/Startup/startup_stm32f413zhtx.o
 .ARM.attributes
                0x0000000000000163       0x34 ./Drivers/STM32F4xx_HAL_Driver/Src/stm32f4xx_hal.o
 .ARM.attributes
                0x0000000000000197       0x34 ./Drivers/STM32F4xx_HAL_Driver/Src/stm32f4xx_hal_cortex.o
 .ARM.attributes
                0x00000000000001cb       0x34 ./Drivers/STM32F4xx_HAL_Driver/Src/stm32f4xx_hal_gpio.o
 .ARM.attributes
                0x00000000000001ff       0x34 ./Drivers/STM32F4xx_HAL_Driver/Src/stm32f4xx_hal_pcd.o
 .ARM.attributes
                0x0000000000000233       0x34 ./Drivers/STM32F4xx_HAL_Driver/Src/stm32f4xx_hal_pcd_ex.o
 .ARM.attributes
                0x0000000000000267       0x34 ./Drivers/STM32F4xx_HAL_Driver/Src/stm32f4xx_hal_rcc.o
 .ARM.attributes
                0x000000000000029b       0x34 ./Drivers/STM32F4xx_HAL_Driver/Src/stm32f4xx_hal_rcc_ex.o
 .ARM.attributes
                0x00000000000002cf       0x34 ./Drivers/STM32F4xx_HAL_Driver/Src/stm32f4xx_hal_uart.o
 .ARM.attributes
                0x0000000000000303       0x34 ./Drivers/STM32F4xx_HAL_Driver/Src/stm32f4xx_ll_usb.o
 .ARM.attributes
                0x0000000000000337       0x34 c:/st/stm32cubeide_1.12.1/stm32cubeide/plugins/com.st.stm32cube.ide.mcu.externaltools.gnu-tools-for-stm32.10.3-2021.10.win32_1.0.200.202301161003/tools/bin/../lib/gcc/arm-none-eabi/10.3.1/../../../../arm-none-eabi/lib/thumb/v7e-m+fp/hard\libc_nano.a(lib_a-init.o)
 .ARM.attributes
                0x000000000000036b       0x34 c:/st/stm32cubeide_1.12.1/stm32cubeide/plugins/com.st.stm32cube.ide.mcu.externaltools.gnu-tools-for-stm32.10.3-2021.10.win32_1.0.200.202301161003/tools/bin/../lib/gcc/arm-none-eabi/10.3.1/../../../../arm-none-eabi/lib/thumb/v7e-m+fp/hard\libc_nano.a(lib_a-memset.o)
 .ARM.attributes
                0x000000000000039f       0x1e c:/st/stm32cubeide_1.12.1/stm32cubeide/plugins/com.st.stm32cube.ide.mcu.externaltools.gnu-tools-for-stm32.10.3-2021.10.win32_1.0.200.202301161003/tools/bin/../lib/gcc/arm-none-eabi/10.3.1/thumb/v7e-m+fp/hard\libgcc.a(_aeabi_uldivmod.o)
 .ARM.attributes
                0x00000000000003bd       0x34 c:/st/stm32cubeide_1.12.1/stm32cubeide/plugins/com.st.stm32cube.ide.mcu.externaltools.gnu-tools-for-stm32.10.3-2021.10.win32_1.0.200.202301161003/tools/bin/../lib/gcc/arm-none-eabi/10.3.1/thumb/v7e-m+fp/hard\libgcc.a(_udivmoddi4.o)
 .ARM.attributes
                0x00000000000003f1       0x1e c:/st/stm32cubeide_1.12.1/stm32cubeide/plugins/com.st.stm32cube.ide.mcu.externaltools.gnu-tools-for-stm32.10.3-2021.10.win32_1.0.200.202301161003/tools/bin/../lib/gcc/arm-none-eabi/10.3.1/thumb/v7e-m+fp/hard\libgcc.a(_dvmd_tls.o)
 .ARM.attributes
                0x000000000000040f       0x1e c:/st/stm32cubeide_1.12.1/stm32cubeide/plugins/com.st.stm32cube.ide.mcu.externaltools.gnu-tools-for-stm32.10.3-2021.10.win32_1.0.200.202301161003/tools/bin/../lib/gcc/arm-none-eabi/10.3.1/thumb/v7e-m+fp/hard/crtn.o
OUTPUT(Proyecto_asm_ejercicio_Examen.elf elf32-littlearm)
LOAD linker stubs
LOAD c:/st/stm32cubeide_1.12.1/stm32cubeide/plugins/com.st.stm32cube.ide.mcu.externaltools.gnu-tools-for-stm32.10.3-2021.10.win32_1.0.200.202301161003/tools/bin/../lib/gcc/arm-none-eabi/10.3.1/../../../../arm-none-eabi/lib/thumb/v7e-m+fp/hard\libc.a
LOAD c:/st/stm32cubeide_1.12.1/stm32cubeide/plugins/com.st.stm32cube.ide.mcu.externaltools.gnu-tools-for-stm32.10.3-2021.10.win32_1.0.200.202301161003/tools/bin/../lib/gcc/arm-none-eabi/10.3.1/../../../../arm-none-eabi/lib/thumb/v7e-m+fp/hard\libm.a
LOAD c:/st/stm32cubeide_1.12.1/stm32cubeide/plugins/com.st.stm32cube.ide.mcu.externaltools.gnu-tools-for-stm32.10.3-2021.10.win32_1.0.200.202301161003/tools/bin/../lib/gcc/arm-none-eabi/10.3.1/thumb/v7e-m+fp/hard\libgcc.a

.debug_line     0x0000000000000000     0xc40e
 .debug_line    0x0000000000000000       0x63 ./Core/Src/asm_potencia.o
 .debug_line    0x0000000000000063      0xb20 ./Core/Src/main.o
 .debug_line    0x0000000000000b83      0x794 ./Core/Src/stm32f4xx_hal_msp.o
 .debug_line    0x0000000000001317      0x7aa ./Core/Src/stm32f4xx_it.o
 .debug_line    0x0000000000001ac1      0x75b ./Core/Src/system_stm32f4xx.o
 .debug_line    0x000000000000221c       0x88 ./Core/Startup/startup_stm32f413zhtx.o
 .debug_line    0x00000000000022a4      0x9c1 ./Drivers/STM32F4xx_HAL_Driver/Src/stm32f4xx_hal.o
 .debug_line    0x0000000000002c65      0xc70 ./Drivers/STM32F4xx_HAL_Driver/Src/stm32f4xx_hal_cortex.o
 .debug_line    0x00000000000038d5      0xb21 ./Drivers/STM32F4xx_HAL_Driver/Src/stm32f4xx_hal_gpio.o
 .debug_line    0x00000000000043f6     0x148b ./Drivers/STM32F4xx_HAL_Driver/Src/stm32f4xx_hal_pcd.o
 .debug_line    0x0000000000005881      0x8a9 ./Drivers/STM32F4xx_HAL_Driver/Src/stm32f4xx_hal_pcd_ex.o
 .debug_line    0x000000000000612a      0xd49 ./Drivers/STM32F4xx_HAL_Driver/Src/stm32f4xx_hal_rcc.o
 .debug_line    0x0000000000006e73     0x109b ./Drivers/STM32F4xx_HAL_Driver/Src/stm32f4xx_hal_rcc_ex.o
 .debug_line    0x0000000000007f0e     0x2a80 ./Drivers/STM32F4xx_HAL_Driver/Src/stm32f4xx_hal_uart.o
 .debug_line    0x000000000000a98e     0x1a80 ./Drivers/STM32F4xx_HAL_Driver/Src/stm32f4xx_ll_usb.o

.debug_info     0x0000000000000000     0xcb66
 .debug_info    0x0000000000000000       0x26 ./Core/Src/asm_potencia.o
 .debug_info    0x0000000000000026     0x148e ./Core/Src/main.o
 .debug_info    0x00000000000014b4     0x10d7 ./Core/Src/stm32f4xx_hal_msp.o
 .debug_info    0x000000000000258b      0x16d ./Core/Src/stm32f4xx_it.o
 .debug_info    0x00000000000026f8      0x55b ./Core/Src/system_stm32f4xx.o
 .debug_info    0x0000000000002c53       0x22 ./Core/Startup/startup_stm32f413zhtx.o
 .debug_info    0x0000000000002c75      0xa02 ./Drivers/STM32F4xx_HAL_Driver/Src/stm32f4xx_hal.o
 .debug_info    0x0000000000003677      0xe69 ./Drivers/STM32F4xx_HAL_Driver/Src/stm32f4xx_hal_cortex.o
 .debug_info    0x00000000000044e0      0x7da ./Drivers/STM32F4xx_HAL_Driver/Src/stm32f4xx_hal_gpio.o
 .debug_info    0x0000000000004cba     0x170f ./Drivers/STM32F4xx_HAL_Driver/Src/stm32f4xx_hal_pcd.o
 .debug_info    0x00000000000063c9      0x8ca ./Drivers/STM32F4xx_HAL_Driver/Src/stm32f4xx_hal_pcd_ex.o
 .debug_info    0x0000000000006c93      0x9ab ./Drivers/STM32F4xx_HAL_Driver/Src/stm32f4xx_hal_rcc.o
 .debug_info    0x000000000000763e      0x871 ./Drivers/STM32F4xx_HAL_Driver/Src/stm32f4xx_hal_rcc_ex.o
 .debug_info    0x0000000000007eaf     0x31bc ./Drivers/STM32F4xx_HAL_Driver/Src/stm32f4xx_hal_uart.o
 .debug_info    0x000000000000b06b     0x1afb ./Drivers/STM32F4xx_HAL_Driver/Src/stm32f4xx_ll_usb.o

.debug_abbrev   0x0000000000000000     0x1d43
 .debug_abbrev  0x0000000000000000       0x14 ./Core/Src/asm_potencia.o
 .debug_abbrev  0x0000000000000014      0x319 ./Core/Src/main.o
 .debug_abbrev  0x000000000000032d      0x205 ./Core/Src/stm32f4xx_hal_msp.o
 .debug_abbrev  0x0000000000000532       0xd9 ./Core/Src/stm32f4xx_it.o
 .debug_abbrev  0x000000000000060b      0x116 ./Core/Src/system_stm32f4xx.o
 .debug_abbrev  0x0000000000000721       0x12 ./Core/Startup/startup_stm32f413zhtx.o
 .debug_abbrev  0x0000000000000733      0x20d ./Drivers/STM32F4xx_HAL_Driver/Src/stm32f4xx_hal.o
 .debug_abbrev  0x0000000000000940      0x316 ./Drivers/STM32F4xx_HAL_Driver/Src/stm32f4xx_hal_cortex.o
 .debug_abbrev  0x0000000000000c56      0x1c4 ./Drivers/STM32F4xx_HAL_Driver/Src/stm32f4xx_hal_gpio.o
 .debug_abbrev  0x0000000000000e1a      0x2d2 ./Drivers/STM32F4xx_HAL_Driver/Src/stm32f4xx_hal_pcd.o
 .debug_abbrev  0x00000000000010ec      0x24a ./Drivers/STM32F4xx_HAL_Driver/Src/stm32f4xx_hal_pcd_ex.o
 .debug_abbrev  0x0000000000001336      0x2aa ./Drivers/STM32F4xx_HAL_Driver/Src/stm32f4xx_hal_rcc.o
 .debug_abbrev  0x00000000000015e0      0x1d9 ./Drivers/STM32F4xx_HAL_Driver/Src/stm32f4xx_hal_rcc_ex.o
 .debug_abbrev  0x00000000000017b9      0x2f4 ./Drivers/STM32F4xx_HAL_Driver/Src/stm32f4xx_hal_uart.o
 .debug_abbrev  0x0000000000001aad      0x296 ./Drivers/STM32F4xx_HAL_Driver/Src/stm32f4xx_ll_usb.o

.debug_aranges  0x0000000000000000      0xa08
 .debug_aranges
                0x0000000000000000       0x20 ./Core/Src/asm_potencia.o
 .debug_aranges
                0x0000000000000020       0x68 ./Core/Src/main.o
 .debug_aranges
                0x0000000000000088       0x40 ./Core/Src/stm32f4xx_hal_msp.o
 .debug_aranges
                0x00000000000000c8       0x60 ./Core/Src/stm32f4xx_it.o
 .debug_aranges
                0x0000000000000128       0x28 ./Core/Src/system_stm32f4xx.o
 .debug_aranges
                0x0000000000000150       0x28 ./Core/Startup/startup_stm32f413zhtx.o
 .debug_aranges
                0x0000000000000178       0xf0 ./Drivers/STM32F4xx_HAL_Driver/Src/stm32f4xx_hal.o
 .debug_aranges
                0x0000000000000268      0x118 ./Drivers/STM32F4xx_HAL_Driver/Src/stm32f4xx_hal_cortex.o
 .debug_aranges
                0x0000000000000380       0x58 ./Drivers/STM32F4xx_HAL_Driver/Src/stm32f4xx_hal_gpio.o
 .debug_aranges
                0x00000000000003d8      0x148 ./Drivers/STM32F4xx_HAL_Driver/Src/stm32f4xx_hal_pcd.o
 .debug_aranges
                0x0000000000000520       0x60 ./Drivers/STM32F4xx_HAL_Driver/Src/stm32f4xx_hal_pcd_ex.o
 .debug_aranges
                0x0000000000000580       0x88 ./Drivers/STM32F4xx_HAL_Driver/Src/stm32f4xx_hal_rcc.o
 .debug_aranges
                0x0000000000000608       0x60 ./Drivers/STM32F4xx_HAL_Driver/Src/stm32f4xx_hal_rcc_ex.o
 .debug_aranges
                0x0000000000000668      0x200 ./Drivers/STM32F4xx_HAL_Driver/Src/stm32f4xx_hal_uart.o
 .debug_aranges
                0x0000000000000868      0x1a0 ./Drivers/STM32F4xx_HAL_Driver/Src/stm32f4xx_ll_usb.o

.debug_str      0x0000000000000000    0xc6ab1
 .debug_str     0x0000000000000000       0x8c ./Core/Src/asm_potencia.o
 .debug_str     0x000000000000008c    0xc3e31 ./Core/Src/main.o
                                      0xc41e7 (size before relaxing)
 .debug_str     0x00000000000c3ebd      0x237 ./Core/Src/stm32f4xx_hal_msp.o
                                      0xc131f (size before relaxing)
 .debug_str     0x00000000000c40f4       0xdf ./Core/Src/stm32f4xx_it.o
                                      0xc07d3 (size before relaxing)
 .debug_str     0x00000000000c41d3       0xdb ./Core/Src/system_stm32f4xx.o
                                      0xc05e7 (size before relaxing)
 .debug_str     0x00000000000c42ae       0x28 ./Core/Startup/startup_stm32f413zhtx.o
                                         0x99 (size before relaxing)
 .debug_str     0x00000000000c42d6      0xc06 ./Drivers/STM32F4xx_HAL_Driver/Src/stm32f4xx_hal.o
                                      0xc120e (size before relaxing)
 .debug_str     0x00000000000c4edc      0x343 ./Drivers/STM32F4xx_HAL_Driver/Src/stm32f4xx_hal_cortex.o
                                      0xc0f1d (size before relaxing)
 .debug_str     0x00000000000c521f      0x12a ./Drivers/STM32F4xx_HAL_Driver/Src/stm32f4xx_hal_gpio.o
                                      0xc0762 (size before relaxing)
 .debug_str     0x00000000000c5349      0x832 ./Drivers/STM32F4xx_HAL_Driver/Src/stm32f4xx_hal_pcd.o
                                      0xc10ce (size before relaxing)
 .debug_str     0x00000000000c5b7b      0x174 ./Drivers/STM32F4xx_HAL_Driver/Src/stm32f4xx_hal_pcd_ex.o
                                      0xc0a36 (size before relaxing)
 .debug_str     0x00000000000c5cef      0x21f ./Drivers/STM32F4xx_HAL_Driver/Src/stm32f4xx_hal_rcc.o
                                      0xc0a11 (size before relaxing)
 .debug_str     0x00000000000c5f0e      0x124 ./Drivers/STM32F4xx_HAL_Driver/Src/stm32f4xx_hal_rcc_ex.o
                                      0xc0996 (size before relaxing)
 .debug_str     0x00000000000c6032      0x644 ./Drivers/STM32F4xx_HAL_Driver/Src/stm32f4xx_hal_uart.o
                                      0xc0f87 (size before relaxing)
 .debug_str     0x00000000000c6676      0x43b ./Drivers/STM32F4xx_HAL_Driver/Src/stm32f4xx_ll_usb.o
                                      0xc0f17 (size before relaxing)

.debug_ranges   0x0000000000000000      0x940
 .debug_ranges  0x0000000000000000       0x58 ./Core/Src/main.o
 .debug_ranges  0x0000000000000058       0x30 ./Core/Src/stm32f4xx_hal_msp.o
 .debug_ranges  0x0000000000000088       0x50 ./Core/Src/stm32f4xx_it.o
 .debug_ranges  0x00000000000000d8       0x18 ./Core/Src/system_stm32f4xx.o
 .debug_ranges  0x00000000000000f0       0x20 ./Core/Startup/startup_stm32f413zhtx.o
 .debug_ranges  0x0000000000000110       0xe0 ./Drivers/STM32F4xx_HAL_Driver/Src/stm32f4xx_hal.o
 .debug_ranges  0x00000000000001f0      0x108 ./Drivers/STM32F4xx_HAL_Driver/Src/stm32f4xx_hal_cortex.o
 .debug_ranges  0x00000000000002f8       0x48 ./Drivers/STM32F4xx_HAL_Driver/Src/stm32f4xx_hal_gpio.o
 .debug_ranges  0x0000000000000340      0x138 ./Drivers/STM32F4xx_HAL_Driver/Src/stm32f4xx_hal_pcd.o
 .debug_ranges  0x0000000000000478       0x50 ./Drivers/STM32F4xx_HAL_Driver/Src/stm32f4xx_hal_pcd_ex.o
 .debug_ranges  0x00000000000004c8       0x78 ./Drivers/STM32F4xx_HAL_Driver/Src/stm32f4xx_hal_rcc.o
 .debug_ranges  0x0000000000000540       0x50 ./Drivers/STM32F4xx_HAL_Driver/Src/stm32f4xx_hal_rcc_ex.o
 .debug_ranges  0x0000000000000590      0x220 ./Drivers/STM32F4xx_HAL_Driver/Src/stm32f4xx_hal_uart.o
 .debug_ranges  0x00000000000007b0      0x190 ./Drivers/STM32F4xx_HAL_Driver/Src/stm32f4xx_ll_usb.o

.debug_macro    0x0000000000000000    0x20824
 .debug_macro   0x0000000000000000      0x2d3 ./Core/Src/main.o
 .debug_macro   0x00000000000002d3      0xa78 ./Core/Src/main.o
 .debug_macro   0x0000000000000d4b       0x22 ./Core/Src/main.o
 .debug_macro   0x0000000000000d6d       0x8e ./Core/Src/main.o
 .debug_macro   0x0000000000000dfb       0x51 ./Core/Src/main.o
 .debug_macro   0x0000000000000e4c      0x103 ./Core/Src/main.o
 .debug_macro   0x0000000000000f4f       0x6a ./Core/Src/main.o
 .debug_macro   0x0000000000000fb9      0x1df ./Core/Src/main.o
 .debug_macro   0x0000000000001198      0x29b ./Core/Src/main.o
 .debug_macro   0x0000000000001433       0x2e ./Core/Src/main.o
 .debug_macro   0x0000000000001461       0x28 ./Core/Src/main.o
 .debug_macro   0x0000000000001489       0x1c ./Core/Src/main.o
 .debug_macro   0x00000000000014a5       0x22 ./Core/Src/main.o
 .debug_macro   0x00000000000014c7       0xd9 ./Core/Src/main.o
 .debug_macro   0x00000000000015a0     0x102d ./Core/Src/main.o
 .debug_macro   0x00000000000025cd      0x11f ./Core/Src/main.o
 .debug_macro   0x00000000000026ec    0x15a8b ./Core/Src/main.o
 .debug_macro   0x0000000000018177       0x6d ./Core/Src/main.o
 .debug_macro   0x00000000000181e4     0x367e ./Core/Src/main.o
 .debug_macro   0x000000000001b862      0x174 ./Core/Src/main.o
 .debug_macro   0x000000000001b9d6       0x5c ./Core/Src/main.o
 .debug_macro   0x000000000001ba32      0xcdd ./Core/Src/main.o
 .debug_macro   0x000000000001c70f      0x9fe ./Core/Src/main.o
 .debug_macro   0x000000000001d10d      0x115 ./Core/Src/main.o
 .debug_macro   0x000000000001d222      0x202 ./Core/Src/main.o
 .debug_macro   0x000000000001d424       0xa5 ./Core/Src/main.o
 .debug_macro   0x000000000001d4c9      0x173 ./Core/Src/main.o
 .debug_macro   0x000000000001d63c      0x2bf ./Core/Src/main.o
 .debug_macro   0x000000000001d8fb       0x5f ./Core/Src/main.o
 .debug_macro   0x000000000001d95a      0x236 ./Core/Src/main.o
 .debug_macro   0x000000000001db90      0x132 ./Core/Src/main.o
 .debug_macro   0x000000000001dcc2      0x30c ./Core/Src/main.o
 .debug_macro   0x000000000001dfce       0x2e ./Core/Src/main.o
 .debug_macro   0x000000000001dffc      0x11a ./Core/Src/main.o
 .debug_macro   0x000000000001e116       0x91 ./Core/Src/main.o
 .debug_macro   0x000000000001e1a7       0x89 ./Core/Src/main.o
 .debug_macro   0x000000000001e230      0x295 ./Core/Src/main.o
 .debug_macro   0x000000000001e4c5      0x248 ./Core/Src/main.o
 .debug_macro   0x000000000001e70d       0xba ./Core/Src/main.o
 .debug_macro   0x000000000001e7c7      0x134 ./Core/Src/main.o
 .debug_macro   0x000000000001e8fb       0xd0 ./Core/Src/main.o
 .debug_macro   0x000000000001e9cb       0x52 ./Core/Src/main.o
 .debug_macro   0x000000000001ea1d       0x1e ./Core/Src/main.o
 .debug_macro   0x000000000001ea3b       0x3c ./Core/Src/main.o
 .debug_macro   0x000000000001ea77       0x34 ./Core/Src/main.o
 .debug_macro   0x000000000001eaab       0x16 ./Core/Src/main.o
 .debug_macro   0x000000000001eac1       0x43 ./Core/Src/main.o
 .debug_macro   0x000000000001eb04       0x34 ./Core/Src/main.o
 .debug_macro   0x000000000001eb38       0x10 ./Core/Src/main.o
 .debug_macro   0x000000000001eb48       0x58 ./Core/Src/main.o
 .debug_macro   0x000000000001eba0       0x71 ./Core/Src/main.o
 .debug_macro   0x000000000001ec11       0x1c ./Core/Src/main.o
 .debug_macro   0x000000000001ec2d      0x12a ./Core/Src/main.o
 .debug_macro   0x000000000001ed57      0x341 ./Core/Src/main.o
 .debug_macro   0x000000000001f098       0x10 ./Core/Src/main.o
 .debug_macro   0x000000000001f0a8       0x35 ./Core/Src/main.o
 .debug_macro   0x000000000001f0dd       0x20 ./Core/Src/main.o
 .debug_macro   0x000000000001f0fd      0x1ed ./Core/Src/stm32f4xx_hal_msp.o
 .debug_macro   0x000000000001f2ea      0x1f7 ./Core/Src/stm32f4xx_it.o
 .debug_macro   0x000000000001f4e1      0x1de ./Core/Src/system_stm32f4xx.o
 .debug_macro   0x000000000001f6bf      0x23e ./Drivers/STM32F4xx_HAL_Driver/Src/stm32f4xx_hal.o
 .debug_macro   0x000000000001f8fd      0x1de ./Drivers/STM32F4xx_HAL_Driver/Src/stm32f4xx_hal_cortex.o
 .debug_macro   0x000000000001fadb      0x1e4 ./Drivers/STM32F4xx_HAL_Driver/Src/stm32f4xx_hal_gpio.o
 .debug_macro   0x000000000001fcbf      0x1ea ./Drivers/STM32F4xx_HAL_Driver/Src/stm32f4xx_hal_pcd.o
 .debug_macro   0x000000000001fea9      0x1de ./Drivers/STM32F4xx_HAL_Driver/Src/stm32f4xx_hal_pcd_ex.o
 .debug_macro   0x0000000000020087      0x202 ./Drivers/STM32F4xx_HAL_Driver/Src/stm32f4xx_hal_rcc.o
 .debug_macro   0x0000000000020289      0x1de ./Drivers/STM32F4xx_HAL_Driver/Src/stm32f4xx_hal_rcc_ex.o
 .debug_macro   0x0000000000020467      0x1df ./Drivers/STM32F4xx_HAL_Driver/Src/stm32f4xx_hal_uart.o
 .debug_macro   0x0000000000020646      0x1de ./Drivers/STM32F4xx_HAL_Driver/Src/stm32f4xx_ll_usb.o

.comment        0x0000000000000000       0x50
 .comment       0x0000000000000000       0x50 ./Core/Src/main.o
                                         0x51 (size before relaxing)
 .comment       0x0000000000000050       0x51 ./Core/Src/stm32f4xx_hal_msp.o
 .comment       0x0000000000000050       0x51 ./Core/Src/stm32f4xx_it.o
 .comment       0x0000000000000050       0x51 ./Core/Src/system_stm32f4xx.o
 .comment       0x0000000000000050       0x51 ./Drivers/STM32F4xx_HAL_Driver/Src/stm32f4xx_hal.o
 .comment       0x0000000000000050       0x51 ./Drivers/STM32F4xx_HAL_Driver/Src/stm32f4xx_hal_cortex.o
 .comment       0x0000000000000050       0x51 ./Drivers/STM32F4xx_HAL_Driver/Src/stm32f4xx_hal_gpio.o
 .comment       0x0000000000000050       0x51 ./Drivers/STM32F4xx_HAL_Driver/Src/stm32f4xx_hal_pcd.o
 .comment       0x0000000000000050       0x51 ./Drivers/STM32F4xx_HAL_Driver/Src/stm32f4xx_hal_pcd_ex.o
 .comment       0x0000000000000050       0x51 ./Drivers/STM32F4xx_HAL_Driver/Src/stm32f4xx_hal_rcc.o
 .comment       0x0000000000000050       0x51 ./Drivers/STM32F4xx_HAL_Driver/Src/stm32f4xx_hal_rcc_ex.o
 .comment       0x0000000000000050       0x51 ./Drivers/STM32F4xx_HAL_Driver/Src/stm32f4xx_hal_uart.o
 .comment       0x0000000000000050       0x51 ./Drivers/STM32F4xx_HAL_Driver/Src/stm32f4xx_ll_usb.o

.debug_frame    0x0000000000000000     0x291c
 .debug_frame   0x0000000000000000      0x16c ./Core/Src/main.o
 .debug_frame   0x000000000000016c       0xcc ./Core/Src/stm32f4xx_hal_msp.o
 .debug_frame   0x0000000000000238      0x10c ./Core/Src/stm32f4xx_it.o
 .debug_frame   0x0000000000000344       0x58 ./Core/Src/system_stm32f4xx.o
 .debug_frame   0x000000000000039c      0x374 ./Drivers/STM32F4xx_HAL_Driver/Src/stm32f4xx_hal.o
 .debug_frame   0x0000000000000710      0x498 ./Drivers/STM32F4xx_HAL_Driver/Src/stm32f4xx_hal_cortex.o
 .debug_frame   0x0000000000000ba8      0x14c ./Drivers/STM32F4xx_HAL_Driver/Src/stm32f4xx_hal_gpio.o
 .debug_frame   0x0000000000000cf4      0x5bc ./Drivers/STM32F4xx_HAL_Driver/Src/stm32f4xx_hal_pcd.o
 .debug_frame   0x00000000000012b0      0x174 ./Drivers/STM32F4xx_HAL_Driver/Src/stm32f4xx_hal_pcd_ex.o
 .debug_frame   0x0000000000001424      0x1f4 ./Drivers/STM32F4xx_HAL_Driver/Src/stm32f4xx_hal_rcc.o
 .debug_frame   0x0000000000001618      0x16c ./Drivers/STM32F4xx_HAL_Driver/Src/stm32f4xx_hal_rcc_ex.o
 .debug_frame   0x0000000000001784      0x92c ./Drivers/STM32F4xx_HAL_Driver/Src/stm32f4xx_hal_uart.o
 .debug_frame   0x00000000000020b0      0x7c0 ./Drivers/STM32F4xx_HAL_Driver/Src/stm32f4xx_ll_usb.o
 .debug_frame   0x0000000000002870       0x2c c:/st/stm32cubeide_1.12.1/stm32cubeide/plugins/com.st.stm32cube.ide.mcu.externaltools.gnu-tools-for-stm32.10.3-2021.10.win32_1.0.200.202301161003/tools/bin/../lib/gcc/arm-none-eabi/10.3.1/../../../../arm-none-eabi/lib/thumb/v7e-m+fp/hard\libc_nano.a(lib_a-init.o)
 .debug_frame   0x000000000000289c       0x20 c:/st/stm32cubeide_1.12.1/stm32cubeide/plugins/com.st.stm32cube.ide.mcu.externaltools.gnu-tools-for-stm32.10.3-2021.10.win32_1.0.200.202301161003/tools/bin/../lib/gcc/arm-none-eabi/10.3.1/../../../../arm-none-eabi/lib/thumb/v7e-m+fp/hard\libc_nano.a(lib_a-memset.o)
 .debug_frame   0x00000000000028bc       0x2c c:/st/stm32cubeide_1.12.1/stm32cubeide/plugins/com.st.stm32cube.ide.mcu.externaltools.gnu-tools-for-stm32.10.3-2021.10.win32_1.0.200.202301161003/tools/bin/../lib/gcc/arm-none-eabi/10.3.1/thumb/v7e-m+fp/hard\libgcc.a(_aeabi_uldivmod.o)
 .debug_frame   0x00000000000028e8       0x34 c:/st/stm32cubeide_1.12.1/stm32cubeide/plugins/com.st.stm32cube.ide.mcu.externaltools.gnu-tools-for-stm32.10.3-2021.10.win32_1.0.200.202301161003/tools/bin/../lib/gcc/arm-none-eabi/10.3.1/thumb/v7e-m+fp/hard\libgcc.a(_udivmoddi4.o)
