../Core/Src/main.c:83:5:main	56	static
../Core/Src/main.c:147:6:SystemClock_Config	88	static
../Core/Src/main.c:194:13:MX_USART3_UART_Init	8	static
../Core/Src/main.c:227:13:MX_USB_OTG_FS_PCD_Init	8	static
../Core/Src/main.c:263:13:MX_GPIO_Init	56	static
../Core/Src/main.c:315:17:potencia	32	static
../Core/Src/main.c:330:16:promedio	32	static
../Core/Src/main.c:344:16:max	32	static
../Core/Src/main.c:360:13:productoEscalar16	32	static
../Core/Src/main.c:400:6:Error_Handler	4	static,ignoring_inline_asm
