21:30:21 **** Incremental Build of configuration Debug for project Proyecto_asm_ejercicio_Examen ****
make -j4 all 
arm-none-eabi-gcc -mcpu=cortex-m4 -g3 -DDEBUG -c -I"D:/Especializacion Sistemas Embebidos/AdM_workspace_ejercicios/Proyecto_asm_ejercicio_Examen/Core/Inc" -x assembler-with-cpp -MMD -MP -MF"Core/Src/asm_potencia.d" -MT"Core/Src/asm_potencia.o" --specs=nano.specs -mfpu=fpv4-sp-d16 -mfloat-abi=hard -mthumb -o "Core/Src/asm_potencia.o" "../Core/Src/asm_potencia.S"
arm-none-eabi-gcc -o "Proyecto_asm_ejercicio_Examen.elf" @"objects.list"   -mcpu=cortex-m4 -T"D:\Especializacion Sistemas Embebidos\AdM_workspace_ejercicios\Proyecto_asm_ejercicio_Examen\STM32F413ZHTX_FLASH.ld" --specs=nosys.specs -Wl,-Map="Proyecto_asm_ejercicio_Examen.map" -Wl,--gc-sections -static --specs=nano.specs -mfpu=fpv4-sp-d16 -mfloat-abi=hard -mthumb -Wl,--start-group -lc -lm -Wl,--end-group
Finished building target: Proyecto_asm_ejercicio_Examen.elf
 
arm-none-eabi-size   Proyecto_asm_ejercicio_Examen.elf 
arm-none-eabi-objdump -h -S  Proyecto_asm_ejercicio_Examen.elf  > "Proyecto_asm_ejercicio_Examen.list"
   text	   data	    bss	    dec	    hex	filename
  12068	     20	   2932	  15020	   3aac	Proyecto_asm_ejercicio_Examen.elf
Finished building: default.size.stdout
 
Finished building: Proyecto_asm_ejercicio_Examen.list
 
21:30:26 **** Incremental Build of configuration Debug for project Proyecto_asm_ejercicio_Examen ****
make -j4 all 
arm-none-eabi-size   Proyecto_asm_ejercicio_Examen.elf 
   text	   data	    bss	    dec	    hex	filename
  12068	     20	   2932	  15020	   3aac	Proyecto_asm_ejercicio_Examen.elf
Finished building: default.size.stdout
 
