10:08:08 **** Incremental Build of configuration Debug for project Proyecto_asm_ejercicio_5 ****
make -j4 all 
arm-none-eabi-gcc "../Core/Src/main.c" -mcpu=cortex-m4 -std=gnu11 -g3 -DDEBUG -DUSE_HAL_DRIVER -DSTM32F413xx -c -I../Core/Inc -I../Drivers/STM32F4xx_HAL_Driver/Inc -I../Drivers/STM32F4xx_HAL_Driver/Inc/Legacy -I../Drivers/CMSIS/Device/ST/STM32F4xx/Include -I../Drivers/CMSIS/Include -O0 -ffunction-sections -fdata-sections -Wall -fstack-usage -fcyclomatic-complexity -MMD -MP -MF"Core/Src/main.d" -MT"Core/Src/main.o" --specs=nano.specs -mfpu=fpv4-sp-d16 -mfloat-abi=hard -mthumb -o "Core/Src/main.o"
arm-none-eabi-gcc -o "Proyecto_asm_ejercicio_5.elf" @"objects.list"   -mcpu=cortex-m4 -T"D:\Especializacion Sistemas Embebidos\AdM_workspace_ejercicios\Proyecto_asm_ejercicio_5\STM32F413ZHTX_FLASH.ld" --specs=nosys.specs -Wl,-Map="Proyecto_asm_ejercicio_5.map" -Wl,--gc-sections -static --specs=nano.specs -mfpu=fpv4-sp-d16 -mfloat-abi=hard -mthumb -Wl,--start-group -lc -lm -Wl,--end-group
Finished building target: Proyecto_asm_ejercicio_5.elf
 
arm-none-eabi-size   Proyecto_asm_ejercicio_5.elf 
arm-none-eabi-objdump -h -S  Proyecto_asm_ejercicio_5.elf  > "Proyecto_asm_ejercicio_5.list"
   text	   data	    bss	    dec	    hex	filename
  11828	     20	   2932	  14780	   39bc	Proyecto_asm_ejercicio_5.elf
Finished building: default.size.stdout
 
Finished building: Proyecto_asm_ejercicio_5.list
 

10:08:10 Build Finished. 0 errors, 0 warnings. (took 1s.847ms)

