18:26:23 **** Build of configuration Debug for project Proyecto_asm_function ****
make -j4 all 
arm-none-eabi-gcc -mcpu=cortex-m4 -g3 -DDEBUG -c -x assembler-with-cpp -MMD -MP -MF"Startup/startup_stm32f413zhtx.d" -MT"Startup/startup_stm32f413zhtx.o" --specs=nano.specs -mfpu=fpv4-sp-d16 -mfloat-abi=hard -mthumb -o "Startup/startup_stm32f413zhtx.o" "../Startup/startup_stm32f413zhtx.s"
arm-none-eabi-gcc -mcpu=cortex-m4 -g3 -DDEBUG -c -x assembler-with-cpp -MMD -MP -MF"Src/asm_func.d" -MT"Src/asm_func.o" --specs=nano.specs -mfpu=fpv4-sp-d16 -mfloat-abi=hard -mthumb -o "Src/asm_func.o" "../Src/asm_func.S"
arm-none-eabi-gcc "../Src/main.c" -mcpu=cortex-m4 -std=gnu11 -g3 -DDEBUG -DSTM32 -DNUCLEO_F413ZH -DSTM32F413ZHTx -DSTM32F4 -c -I../Inc -O0 -ffunction-sections -fdata-sections -Wall -fstack-usage -fcyclomatic-complexity -MMD -MP -MF"Src/main.d" -MT"Src/main.o" --specs=nano.specs -mfpu=fpv4-sp-d16 -mfloat-abi=hard -mthumb -o "Src/main.o"
arm-none-eabi-gcc "../Src/syscalls.c" -mcpu=cortex-m4 -std=gnu11 -g3 -DDEBUG -DSTM32 -DNUCLEO_F413ZH -DSTM32F413ZHTx -DSTM32F4 -c -I../Inc -O0 -ffunction-sections -fdata-sections -Wall -fstack-usage -fcyclomatic-complexity -MMD -MP -MF"Src/syscalls.d" -MT"Src/syscalls.o" --specs=nano.specs -mfpu=fpv4-sp-d16 -mfloat-abi=hard -mthumb -o "Src/syscalls.o"
../Src/main.c:22:4: warning: #warning "FPU is not initialized, but the project is compiling for an FPU. Please initialize the FPU before use." [-Wcpp]
   22 |   #warning "FPU is not initialized, but the project is compiling for an FPU. Please initialize the FPU before use."
      |    ^~~~~~~
arm-none-eabi-gcc "../Src/sysmem.c" -mcpu=cortex-m4 -std=gnu11 -g3 -DDEBUG -DSTM32 -DNUCLEO_F413ZH -DSTM32F413ZHTx -DSTM32F4 -c -I../Inc -O0 -ffunction-sections -fdata-sections -Wall -fstack-usage -fcyclomatic-complexity -MMD -MP -MF"Src/sysmem.d" -MT"Src/sysmem.o" --specs=nano.specs -mfpu=fpv4-sp-d16 -mfloat-abi=hard -mthumb -o "Src/sysmem.o"
arm-none-eabi-gcc -o "Proyecto_asm_function.elf" @"objects.list"   -mcpu=cortex-m4 -T"D:\Especializacion Sistemas Embebidos\AdM_workspace_ejercicios\Proyecto_asm_function\STM32F413ZHTX_FLASH.ld" --specs=nosys.specs -Wl,-Map="Proyecto_asm_function.map" -Wl,--gc-sections -static --specs=nano.specs -mfpu=fpv4-sp-d16 -mfloat-abi=hard -mthumb -Wl,--start-group -lc -lm -Wl,--end-group
Finished building target: Proyecto_asm_function.elf
 
arm-none-eabi-size   Proyecto_asm_function.elf 
arm-none-eabi-objdump -h -S  Proyecto_asm_function.elf  > "Proyecto_asm_function.list"
   text	   data	    bss	    dec	    hex	filename
    724	      8	   1568	   2300	    8fc	Proyecto_asm_function.elf
Finished building: default.size.stdout
 
Finished building: Proyecto_asm_function.list
 

18:26:27 Build Finished. 0 errors, 1 warnings. (took 4s.380ms)

